[biotechweekly.ongoodbits.com/index.html]
[backblue.gif]
[fade.gif]
[index.html]
[biotechweekly.ongoodbits.com/feed]
[biotechweekly.ongoodbits.com/archive.html]
[biotechweekly.ongoodbits.com/2017/11/03/biotech-weekly.html]
[biotechweekly.ongoodbits.com/index.html]
[biotechweekly.ongoodbits.com/2017/11/10/biotech-weekly.html]
[biotechweekly.ongoodbits.com/2017/10/27/biotech-weekly.html]
[biotechweekly.ongoodbits.com/2017/10/20/biotech-weekly.html]
[biotechweekly.ongoodbits.com/2017/10/13/biotech-weekly.html]
[biotechweekly.ongoodbits.com/2017/10/07/biotech-weekly.html]
[biotechweekly.ongoodbits.com/2017/09/29/biotech-weekly.html]
[biotechweekly.ongoodbits.com/2017/09/22/biotech-weekly.html]
[biotechweekly.ongoodbits.com/2017/09/15/biotech-weekly.html]
[biotechweekly.ongoodbits.com/2017/09/08/biotech-weekly.html]
[biotechweekly.ongoodbits.com/2017/09/01/biotech-weekly.html]
[biotechweekly.ongoodbits.com/2017/08/25/biotech-weekly.html]
[biotechweekly.ongoodbits.com/2017/08/04/biotech-weekly.html]
[biotechweekly.ongoodbits.com/2017/07/28/biotech-weekly.html]
[biotechweekly.ongoodbits.com/2017/07/21/biotech-weekly.html]
[biotechweekly.ongoodbits.com/2017/07/14/biotech-weekly.html]
[biotechweekly.ongoodbits.com/2017/07/07/biotech-weekly.html]
[biotechweekly.ongoodbits.com/2017/06/30/biotech-weekly.html]
[biotechweekly.ongoodbits.com/2017/06/23/biotech-weekly.html]
[biotechweekly.ongoodbits.com/2017/06/16/biotech-weekly.html]
[biotechweekly.ongoodbits.com/2017/06/09/biotech-weekly.html]
[biotechweekly.ongoodbits.com/2017/05/26/biotech-weekly.html]
[biotechweekly.ongoodbits.com/2017/05/12/biotech-weekly.html]
[biotechweekly.ongoodbits.com/2017/05/05/biotech-weekly.html]
[biotechweekly.ongoodbits.com/2017/04/29/biotech-weekly.html]
[biotechweekly.ongoodbits.com/2017/04/21/biotech-weekly.html]
[biotechweekly.ongoodbits.com/2017/04/14/biotech-weekly.html]
[biotechweekly.ongoodbits.com/2017/04/07/biotech-weekly.html]
[biotechweekly.ongoodbits.com/2017/03/31/biotech-weekly.html]
[biotechweekly.ongoodbits.com/2017/03/24/biotech-weekly.html]
[biotechweekly.ongoodbits.com/2017/03/17/75.html]
[biotechweekly.ongoodbits.com/2017/03/10/74.html]
[biotechweekly.ongoodbits.com/2017/03/03/73.html]
[biotechweekly.ongoodbits.com/2017/02/24/72.html]
[biotechweekly.ongoodbits.com/2017/02/17/71.html]
[biotechweekly.ongoodbits.com/2017/02/03/70.html]
[biotechweekly.ongoodbits.com/2017/01/27/69.html]
[biotechweekly.ongoodbits.com/2017/01/20/67.html]
[biotechweekly.ongoodbits.com/2017/01/06/67.html]
[biotechweekly.ongoodbits.com/2016/12/30/65.html]
[biotechweekly.ongoodbits.com/2016/12/09/65.html]
[biotechweekly.ongoodbits.com/2016/12/02/64.html]
[biotechweekly.ongoodbits.com/2016/11/18/63.html]
[biotechweekly.ongoodbits.com/2016/11/11/62.html]
[biotechweekly.ongoodbits.com/2016/11/04/61.html]
[biotechweekly.ongoodbits.com/2016/10/28/60.html]
[biotechweekly.ongoodbits.com/2016/10/14/59.html]
[biotechweekly.ongoodbits.com/2016/10/07/58.html]
[biotechweekly.ongoodbits.com/2016/09/23/56.html]
[biotechweekly.ongoodbits.com/2016/09/16/56.html]
[biotechweekly.ongoodbits.com/2016/09/09/55.html]
[biotechweekly.ongoodbits.com/2016/09/03/54.html]
[biotechweekly.ongoodbits.com/2016/08/26/53.html]
[biotechweekly.ongoodbits.com/2016/08/19/52.html]
[biotechweekly.ongoodbits.com/2016/08/12/51.html]
[biotechweekly.ongoodbits.com/2016/08/05/50.html]
[biotechweekly.ongoodbits.com/2016/07/29/49.html]
[biotechweekly.ongoodbits.com/2016/07/23/48.html]
[biotechweekly.ongoodbits.com/2016/07/15/47.html]
[biotechweekly.ongoodbits.com/2016/07/08/46.html]
[biotechweekly.ongoodbits.com/2016/06/24/45.html]
[biotechweekly.ongoodbits.com/2016/06/10/44.html]
[biotechweekly.ongoodbits.com/2016/06/03/43.html]
[biotechweekly.ongoodbits.com/2016/05/27/42.html]
[biotechweekly.ongoodbits.com/2016/05/20/41.html]
[biotechweekly.ongoodbits.com/2016/05/13/40.html]
[biotechweekly.ongoodbits.com/2016/05/06/39.html]
[biotechweekly.ongoodbits.com/2016/04/29/38.html]
[biotechweekly.ongoodbits.com/2016/04/22/37.html]
[biotechweekly.ongoodbits.com/2016/04/15/36.html]
[biotechweekly.ongoodbits.com/2016/04/08/35.html]
[biotechweekly.ongoodbits.com/2016/04/01/33.html]
[biotechweekly.ongoodbits.com/2016/03/18/33.html]
[biotechweekly.ongoodbits.com/2016/03/11/32.html]
[biotechweekly.ongoodbits.com/2016/03/04/31.html]
[biotechweekly.ongoodbits.com/2016/02/26/30.html]
[biotechweekly.ongoodbits.com/2016/02/18/29.html]
[biotechweekly.ongoodbits.com/2016/02/04/28.html]
[biotechweekly.ongoodbits.com/2016/01/29/27.html]
[biotechweekly.ongoodbits.com/2016/01/22/26.html]
[biotechweekly.ongoodbits.com/2016/01/14/25.html]
[biotechweekly.ongoodbits.com/2015/12/18/24.html]
[biotechweekly.ongoodbits.com/2015/12/12/23.html]
[biotechweekly.ongoodbits.com/2015/11/29/22.html]
[biotechweekly.ongoodbits.com/2015/11/20/21.html]
[biotechweekly.ongoodbits.com/2015/11/13/20.html]
[biotechweekly.ongoodbits.com/2015/11/06/19.html]
[biotechweekly.ongoodbits.com/2015/10/29/18.html]
[biotechweekly.ongoodbits.com/2015/10/23/17.html]
[biotechweekly.ongoodbits.com/2015/10/16/16.html]
[biotechweekly.ongoodbits.com/2015/10/02/15.html]
[biotechweekly.ongoodbits.com/2015/09/25/14.html]
[biotechweekly.ongoodbits.com/2015/09/18/13.html]
[biotechweekly.ongoodbits.com/2015/09/12/12.html]
[biotechweekly.ongoodbits.com/2015/09/09/special-edition.html]
[biotechweekly.ongoodbits.com/2015/09/04/10.html]
[biotechweekly.ongoodbits.com/2015/08/27/9.html]
[biotechweekly.ongoodbits.com/2015/08/20/8.html]
[biotechweekly.ongoodbits.com/2015/08/14/7.html]
[biotechweekly.ongoodbits.com/2015/08/07/6.html]
[biotechweekly.ongoodbits.com/2015/07/30/biotech-weekly.html]
[biotechweekly.ongoodbits.com/2015/07/23/4.html]
[biotechweekly.ongoodbits.com/2015/07/16/3.html]
[biotechweekly.ongoodbits.com/2015/07/09/2.html]
[biotechweekly.ongoodbits.com/archive.html]
[biotechweekly.ongoodbits.com/2017/11/03/biotech-weekly.html]
[biotechweekly.ongoodbits.com/2017/11/10/biotech-weekly.html]
[biotechweekly.ongoodbits.com/2017/10/27/biotech-weekly.html]
[biotechweekly.ongoodbits.com/2017/10/20/biotech-weekly.html]
[biotechweekly.ongoodbits.com/2017/10/13/biotech-weekly.html]
[biotechweekly.ongoodbits.com/2017/10/07/biotech-weekly.html]
[biotechweekly.ongoodbits.com/2017/09/29/biotech-weekly.html]
[biotechweekly.ongoodbits.com/2017/09/22/biotech-weekly.html]
[biotechweekly.ongoodbits.com/2017/09/15/biotech-weekly.html]
[biotechweekly.ongoodbits.com/2017/09/08/biotech-weekly.html]
[biotechweekly.ongoodbits.com/2017/09/01/biotech-weekly.html]
[biotechweekly.ongoodbits.com/2017/08/25/biotech-weekly.html]
[biotechweekly.ongoodbits.com/2017/08/04/biotech-weekly.html]
[biotechweekly.ongoodbits.com/2017/07/28/biotech-weekly.html]
[biotechweekly.ongoodbits.com/2017/07/21/biotech-weekly.html]
[biotechweekly.ongoodbits.com/2017/07/14/biotech-weekly.html]
[biotechweekly.ongoodbits.com/2017/07/07/biotech-weekly.html]
[biotechweekly.ongoodbits.com/2017/06/30/biotech-weekly.html]
[biotechweekly.ongoodbits.com/2017/06/23/biotech-weekly.html]
[biotechweekly.ongoodbits.com/2017/06/16/biotech-weekly.html]
[biotechweekly.ongoodbits.com/2017/06/09/biotech-weekly.html]
[biotechweekly.ongoodbits.com/2017/05/26/biotech-weekly.html]
[biotechweekly.ongoodbits.com/2017/05/12/biotech-weekly.html]
[biotechweekly.ongoodbits.com/2017/05/05/biotech-weekly.html]
[biotechweekly.ongoodbits.com/2017/04/29/biotech-weekly.html]
[biotechweekly.ongoodbits.com/2017/04/21/biotech-weekly.html]
[biotechweekly.ongoodbits.com/2017/04/14/biotech-weekly.html]
[biotechweekly.ongoodbits.com/2017/04/07/biotech-weekly.html]
[biotechweekly.ongoodbits.com/2017/03/31/biotech-weekly.html]
[biotechweekly.ongoodbits.com/2017/03/24/biotech-weekly.html]
[biotechweekly.ongoodbits.com/2017/03/17/75.html]
[biotechweekly.ongoodbits.com/2017/03/10/74.html]
[biotechweekly.ongoodbits.com/2017/03/03/73.html]
[biotechweekly.ongoodbits.com/2017/02/24/72.html]
[biotechweekly.ongoodbits.com/2017/02/17/71.html]
[biotechweekly.ongoodbits.com/2017/02/03/70.html]
[biotechweekly.ongoodbits.com/2017/01/27/69.html]
[biotechweekly.ongoodbits.com/2017/01/20/67.html]
[biotechweekly.ongoodbits.com/2017/01/06/67.html]
[biotechweekly.ongoodbits.com/2016/12/30/65.html]
[biotechweekly.ongoodbits.com/2016/12/09/65.html]
[biotechweekly.ongoodbits.com/2016/12/02/64.html]
[biotechweekly.ongoodbits.com/2016/11/18/63.html]
[biotechweekly.ongoodbits.com/2016/11/11/62.html]
[biotechweekly.ongoodbits.com/2016/11/04/61.html]
[biotechweekly.ongoodbits.com/2016/10/28/60.html]
[biotechweekly.ongoodbits.com/2016/10/14/59.html]
[biotechweekly.ongoodbits.com/2016/10/07/58.html]
[biotechweekly.ongoodbits.com/2016/09/23/56.html]
[biotechweekly.ongoodbits.com/2016/09/16/56.html]
[biotechweekly.ongoodbits.com/2016/09/09/55.html]
[biotechweekly.ongoodbits.com/2016/09/03/54.html]
[biotechweekly.ongoodbits.com/2016/08/26/53.html]
[biotechweekly.ongoodbits.com/2016/08/19/52.html]
[biotechweekly.ongoodbits.com/2016/08/12/51.html]
[biotechweekly.ongoodbits.com/2016/08/05/50.html]
[biotechweekly.ongoodbits.com/2016/07/29/49.html]
[biotechweekly.ongoodbits.com/2016/07/23/48.html]
[biotechweekly.ongoodbits.com/2016/07/15/47.html]
[biotechweekly.ongoodbits.com/2016/07/08/46.html]
[biotechweekly.ongoodbits.com/2016/06/24/45.html]
[biotechweekly.ongoodbits.com/2016/06/10/44.html]
[biotechweekly.ongoodbits.com/2016/06/03/43.html]
[biotechweekly.ongoodbits.com/2016/05/27/42.html]
[biotechweekly.ongoodbits.com/2016/05/20/41.html]
[biotechweekly.ongoodbits.com/2016/05/13/40.html]
[biotechweekly.ongoodbits.com/2016/05/06/39.html]
[biotechweekly.ongoodbits.com/2016/04/29/38.html]
[biotechweekly.ongoodbits.com/2016/04/22/37.html]
[biotechweekly.ongoodbits.com/2016/04/15/36.html]
[biotechweekly.ongoodbits.com/2016/04/08/35.html]
[biotechweekly.ongoodbits.com/2016/04/01/33.html]
[biotechweekly.ongoodbits.com/2016/03/18/33.html]
[biotechweekly.ongoodbits.com/2016/03/11/32.html]
[biotechweekly.ongoodbits.com/2016/03/04/31.html]
[biotechweekly.ongoodbits.com/2016/02/26/30.html]
[biotechweekly.ongoodbits.com/2016/02/18/29.html]
[biotechweekly.ongoodbits.com/2016/02/04/28.html]
[biotechweekly.ongoodbits.com/2016/01/29/27.html]
[biotechweekly.ongoodbits.com/2016/01/22/26.html]
[biotechweekly.ongoodbits.com/2016/01/14/25.html]
[biotechweekly.ongoodbits.com/2015/07/02/biotech-weekly.html]
[biotechweekly.ongoodbits.com/2015/12/18/10.1182/blood-2015-09-667923]
[biotechweekly.ongoodbits.com/2015/12/18/24.html]
[biotechweekly.ongoodbits.com/2015/12/12/23.html]
[biotechweekly.ongoodbits.com/2015/11/29/22.html]
[biotechweekly.ongoodbits.com/2015/11/20/21.html]
[biotechweekly.ongoodbits.com/2015/11/13/20.html]
[biotechweekly.ongoodbits.com/2015/11/06/19.html]
[biotechweekly.ongoodbits.com/2015/10/29/18.html]
[biotechweekly.ongoodbits.com/2015/10/23/17.html]
[biotechweekly.ongoodbits.com/2015/10/16/www.sciencemag.org/content/350/6258/274]
[biotechweekly.ongoodbits.com/2015/10/16/16.html]
[biotechweekly.ongoodbits.com/2015/10/02/www.cell.com/cell-metabolism/abstract/S1550-4131(15)00458-1]
[biotechweekly.ongoodbits.com/2015/10/02/www.cell.com/cell-stem-cell/fulltext/S1934-5909(15)00418-X]
[biotechweekly.ongoodbits.com/2015/10/02/15.html]
[biotechweekly.ongoodbits.com/2015/09/25/14.html]
[biotechweekly.ongoodbits.com/2015/09/18/13.html]
[biotechweekly.ongoodbits.com/2015/09/12/12.html]
[biotechweekly.ongoodbits.com/2015/09/09/special-edition.html]
[biotechweekly.ongoodbits.com/2015/09/04/www.nature.com/ng/journal/vaop/ncurrent/full/ng.3393.html]
[biotechweekly.ongoodbits.com/2015/09/04/www.nature.com/nature/journal/vaop/ncurrent/full/nature14897.html]
[biotechweekly.ongoodbits.com/2015/09/04/10.html]
[biotechweekly.ongoodbits.com/2015/08/27/www.intel.com/content/www/us/en/healthcare-it/collaborations/ohsu-intel-collaboration-video.html]
[biotechweekly.ongoodbits.com/2015/08/27/10.1126/scitranslmed.aab0021]
[biotechweekly.ongoodbits.com/2015/08/27/9.html]
[biotechweekly.ongoodbits.com/2015/08/20/8.html]
[biotechweekly.ongoodbits.com/2015/08/14/7.html]
[biotechweekly.ongoodbits.com/2015/08/07/6.html]
[biotechweekly.ongoodbits.com/2015/08/20/iopscience.iop.org/1741-2552/12/5/056009/index.html]
[biotechweekly.ongoodbits.com/2015/07/30/pubs.acs.org/doi/abs/10.1021/acssynbio.5b00064]
[biotechweekly.ongoodbits.com/2015/07/30/www.sciencedirect.com/science/article/pii/S1097276515004992]
[biotechweekly.ongoodbits.com/2015/07/30/www.jbc.org/content/290/22/139356d6f.abstract]
[biotechweekly.ongoodbits.com/2015/07/30/www.pnas.org/content/early/2015/07/27/1509047112]
[biotechweekly.ongoodbits.com/2015/07/30/www.sciencedirect.com/science/article/pii/S0092867415008284]
[biotechweekly.ongoodbits.com/2015/07/30/pubs.acs.org/doi/abs/10.1021/acsnano.5b03203]
[biotechweekly.ongoodbits.com/2015/07/30/www.nature.com/articles/nmat43426537.epdf]
[biotechweekly.ongoodbits.com/2015/07/30/www.nature.com/nature/journal/vaop/ncurrent/full/nature14862.html]
[biotechweekly.ongoodbits.com/2015/07/30/online.liebertpub.com/doi/10.1089/ten.tea.2014.0411]
[biotechweekly.ongoodbits.com/2015/07/30/biotech-weekly.html]
[biotechweekly.ongoodbits.com/2015/07/23/www.jimmunol.org/content/early/2015/07/08/jimmunol.1501168.abstract]
[biotechweekly.ongoodbits.com/2015/07/23/www.nature.com/ncomms/2015/150722/ncomms8866/full/ncomms8866.html]
[biotechweekly.ongoodbits.com/2015/07/23/www.pnas.org/content/early/2015/07/17/1506823112]
[biotechweekly.ongoodbits.com/2015/07/23/jcm.asm.org/content/53/8/2641.full]
[biotechweekly.ongoodbits.com/2015/07/23/www.nature.com/ncomms/2014/140225/ncomms4329/full/ncomms4329.html]
[biotechweekly.ongoodbits.com/2015/07/23/appft.uspto.gov/netacgi/nph-Parser5308]
[biotechweekly.ongoodbits.com/2015/07/23/www.cell.com/immunity/fulltext/S1074-7613(15)00254-X]
[biotechweekly.ongoodbits.com/2015/07/23/www.organox.com/products/index.html]
[biotechweekly.ongoodbits.com/2015/07/23/onlinelibrary.wiley.com/wol1/doi/10.1002/adma.201501351/full.85.delayed]
[biotechweekly.ongoodbits.com/2015/07/23/www.nature.com/ncomms/2015/150706/ncomms8413/full/ncomms8413.html]
[biotechweekly.ongoodbits.com/2015/07/23/www.cell.com/cell-reports/abstract/S2211-1247(15)00686-56db0]
[biotechweekly.ongoodbits.com/2015/07/23/stemcellstm.alphamedpress.org/content/early/2015/07/16/sctm.2015-0050]
[biotechweekly.ongoodbits.com/2015/07/23/4.html]
[biotechweekly.ongoodbits.com/2015/07/16/jem.rupress.org/content/212/7/991.short]
[biotechweekly.ongoodbits.com/2015/07/16/www.impactjournals.com/oncotarget/index14b9.php]
[biotechweekly.ongoodbits.com/2015/07/16/www.nature.com/nature/journal/vaop/ncurrent/full/nature14546.html]
[biotechweekly.ongoodbits.com/2015/07/16/www.sciencedirect.com/science/article/pii/S0142961215003543]
[biotechweekly.ongoodbits.com/2015/07/16/onlinelibrary.wiley.com/doi/10.1002/adma.201501803/abstract]
[biotechweekly.ongoodbits.com/2015/07/16/www.glucosense.net]
[biotechweekly.ongoodbits.com/2015/07/16/www.nature.com/ncomms/2015/150706/ncomms8413/full/ncomms8413.html]
[biotechweekly.ongoodbits.com/2015/07/16/www.nature.com/nm/journal/vaop/ncurrent/full/nm.3889.html]
[biotechweekly.ongoodbits.com/2015/07/16/3.html]
[biotechweekly.ongoodbits.com/2015/07/09/www.sciencedirect.com/science/article/pii/S0956566315300610]
[biotechweekly.ongoodbits.com/2015/07/09/2.html]
[biotechweekly.ongoodbits.com/2015/07/02/biotech-weekly.html]
[biotechweekly.ongoodbits.com/2015/12/18/10.1182/blood-2015-09-667923.html]
[biotechweekly.ongoodbits.com/2015/10/16/www.sciencemag.org/content/350/6258/274.html]
[biotechweekly.ongoodbits.com/2015/10/02/www.cell.com/cell-metabolism/abstract/S1550-4131(15)00458-1.html]
[biotechweekly.ongoodbits.com/2015/10/02/www.cell.com/cell-stem-cell/fulltext/S1934-5909(15)00418-X.html]
[biotechweekly.ongoodbits.com/2015/09/04/www.nature.com/ng/journal/vaop/ncurrent/full/ng.3393.html]
[biotechweekly.ongoodbits.com/2015/09/04/www.nature.com/nature/journal/vaop/ncurrent/full/nature14897.html]
[biotechweekly.ongoodbits.com/2015/08/27/www.beam.vt.edu/sunnyjsh/publications/srep13148.pdf]
[biotechweekly.ongoodbits.com/2015/08/27/www.intel.com/content/www/us/en/healthcare-it/collaborations/ohsu-intel-collaboration-video.html]
[biotechweekly.ongoodbits.com/2015/08/27/10.1126/scitranslmed.html]
[biotechweekly.ongoodbits.com/2015/08/20/iopscience.iop.org/1741-2552/12/5/056009/index.html]
[biotechweekly.ongoodbits.com/2015/07/30/pubs.acs.org/doi/abs/10.1021/acssynbio.html]
[biotechweekly.ongoodbits.com/2015/07/30/www.sciencedirect.com/science/article/pii/S1097276515004992.html]
[biotechweekly.ongoodbits.com/2015/07/30/www.jbc.org/content/290/22/139356d6f.html]
[biotechweekly.ongoodbits.com/2015/07/30/www.pnas.org/content/early/2015/07/27/1509047112.html]
[biotechweekly.ongoodbits.com/2015/07/30/www.sciencedirect.com/science/article/pii/S0092867415008284.html]
[biotechweekly.ongoodbits.com/2015/07/30/pubs.acs.org/doi/abs/10.1021/acsnano.html]
[biotechweekly.ongoodbits.com/2015/07/30/research.vuse.vanderbilt.edu/MEDlab/sites/default/files/YorkWristICRA15.pdf]
[biotechweekly.ongoodbits.com/2015/07/30/www.nature.com/articles/nmat43426537.html]
[biotechweekly.ongoodbits.com/2015/07/30/www.nature.com/nature/journal/vaop/ncurrent/full/nature14862.html]
[biotechweekly.ongoodbits.com/2015/07/30/online.liebertpub.com/doi/10.1089/ten.tea.2014.html]
[biotechweekly.ongoodbits.com/2015/07/23/www.jimmunol.org/content/early/2015/07/08/jimmunol.1501168.html]
[biotechweekly.ongoodbits.com/2015/07/23/www.nature.com/ncomms/2015/150722/ncomms8866/full/ncomms8866.html]
[biotechweekly.ongoodbits.com/2015/07/23/www.pnas.org/content/early/2015/07/17/1506823112.html]
[biotechweekly.ongoodbits.com/2015/07/23/jcm.asm.org/content/53/8/2641.html]
[biotechweekly.ongoodbits.com/2015/07/23/www.nature.com/ncomms/2014/140225/ncomms4329/full/ncomms4329.html]
[biotechweekly.ongoodbits.com/2015/07/23/appft.uspto.gov/netacgi/nph-Parser5308.html]
[biotechweekly.ongoodbits.com/2015/07/23/www.organox.com/products/index.html]
[biotechweekly.ongoodbits.com/2015/07/23/www.cell.com/immunity/fulltext/S1074-7613(15)00254-X.html]
[biotechweekly.ongoodbits.com/2015/07/23/onlinelibrary.wiley.com/wol1/doi/10.1002/adma.201501351/full.html]
[biotechweekly.ongoodbits.com/2015/07/23/www.nature.com/ncomms/2015/150706/ncomms8413/full/ncomms8413.html]
[biotechweekly.ongoodbits.com/2015/07/23/www.cell.com/cell-reports/abstract/S2211-1247(15)00686-56db0.html]
[biotechweekly.ongoodbits.com/2015/07/23/stemcellstm.alphamedpress.org/content/early/2015/07/16/sctm.html]
[biotechweekly.ongoodbits.com/2015/07/16/jem.rupress.org/content/212/7/991.html]
[biotechweekly.ongoodbits.com/2015/07/16/www.impactjournals.com/oncotarget/index14b9.html]
[biotechweekly.ongoodbits.com/2015/07/16/www.nature.com/nature/journal/vaop/ncurrent/full/nature14546.html]
[biotechweekly.ongoodbits.com/2015/07/16/www.sciencedirect.com/science/article/pii/S0142961215003543.html]
[biotechweekly.ongoodbits.com/2015/07/16/onlinelibrary.wiley.com/doi/10.1002/adma.201501803/abstract.html]
[biotechweekly.ongoodbits.com/2015/07/16/www.glucosense.html]
[biotechweekly.ongoodbits.com/2015/07/16/www.nature.com/ncomms/2015/150706/ncomms8413/full/ncomms8413.html]
[biotechweekly.ongoodbits.com/2015/07/16/www.nature.com/nm/journal/vaop/ncurrent/full/nm.3889.html]
[biotechweekly.ongoodbits.com/2015/07/09/www.sciencedirect.com/science/article/pii/S0956566315300610.html]
